// Jest Snapshot v1, https://goo.gl/fbAQLP

exports[`matches snapshot 1`] = `
<table
  className="container table table-striped"
>
  <thead>
    <tr>
      <th>
        Mission
      </th>
      <th>
        Description
      </th>
      <th
        colSpan={4}
      >
        Status
      </th>
    </tr>
  </thead>
  <tbody />
</table>
`;
